// Jest Snapshot v1, https://goo.gl/fbAQLP

exports[`nav bar component nav bar snapshot test 1`] = `
<nav
  className="navbar"
>
  <div
    className="logolink"
  >
    <Link
      style={
        Object {
          "textDecoration": "none",
        }
      }
      to="/"
    >
       ICook
    </Link>
  </div>
  <div
    className="navlinks"
  >
    <Link
      style={
        Object {
          "textDecoration": "none",
        }
      }
      to="/add"
    >
      + new recipe
    </Link>
    <Link
      onClick={[Function]}
      style={
        Object {
          "textDecoration": "none",
        }
      }
      to="/"
    >
      logout
    </Link>
  </div>
</nav>
`;
